2015-04-29T17:31:42.785+0800: 1.958: [GC [1 CMS-initial-mark: 0K(707840K)] 174514K(1014528K), 0.0291950 secs] [Times: user=0.03 sys=0.00, real=0.03 secs] 
2015-04-29T17:31:42.815+0800: 1.987: [CMS-concurrent-mark-start]
2015-04-29T17:31:42.834+0800: 2.007: [CMS-concurrent-mark: 0.020/0.020 secs] [Times: user=0.01 sys=0.01, real=0.02 secs] 
2015-04-29T17:31:42.834+0800: 2.007: [CMS-concurrent-preclean-start]
2015-04-29T17:31:42.848+0800: 2.020: [CMS-concurrent-preclean: 0.013/0.013 secs] [Times: user=0.01 sys=0.00, real=0.01 secs] 
2015-04-29T17:31:42.848+0800: 2.020: [CMS-concurrent-abortable-preclean-start]
 CMS: abort preclean due to time 2015-04-29T17:31:47.876+0800: 7.049: [CMS-concurrent-abortable-preclean: 0.099/5.029 secs] [Times: user=0.17 sys=0.02, real=5.03 secs] 
2015-04-29T17:31:47.877+0800: 7.049: [GC[YG occupancy: 185424 K (306688 K)]2015-04-29T17:31:47.877+0800: 7.049: [GC2015-04-29T17:31:47.877+0800: 7.049: [ParNew: 185424K->10667K(306688K), 0.0192080 secs] 185424K->10667K(1014528K), 0.0192890 secs] [Times: user=0.04 sys=0.00, real=0.02 secs] 
2015-04-29T17:31:47.896+0800: 7.068: [Rescan (parallel) , 0.0066810 secs]2015-04-29T17:31:47.903+0800: 7.075: [weak refs processing, 0.0000180 secs]2015-04-29T17:31:47.903+0800: 7.075: [class unloading, 0.0008610 secs]2015-04-29T17:31:47.904+0800: 7.076: [scrub symbol table, 0.0011430 secs]2015-04-29T17:31:47.905+0800: 7.077: [scrub string table, 0.0002190 secs] [1 CMS-remark: 0K(707840K)] 10667K(1014528K), 0.0285300 secs] [Times: user=0.07 sys=0.00, real=0.03 secs] 
2015-04-29T17:31:47.905+0800: 7.077: [CMS-concurrent-sweep-start]
2015-04-29T17:31:47.909+0800: 7.081: [CMS-concurrent-sweep: 0.004/0.004 secs] [Times: user=0.01 sys=0.00, real=0.00 secs] 
2015-04-29T17:31:47.909+0800: 7.082: [CMS-concurrent-reset-start]
2015-04-29T17:31:47.911+0800: 7.083: [CMS-concurrent-reset: 0.002/0.002 secs] [Times: user=0.00 sys=0.00, real=0.01 secs] 
2015-04-29T18:21:24.188+0800: 2983.360: [GC2015-04-29T18:21:24.188+0800: 2983.360: [ParNew: 283307K->5998K(306688K), 0.0147100 secs] 283307K->5998K(1014528K), 0.0147940 secs] [Times: user=0.04 sys=0.00, real=0.02 secs] 
2015-04-29T18:44:44.820+0800: 4383.992: [GC2015-04-29T18:44:44.820+0800: 4383.993: [ParNew: 278638K->4602K(306688K), 0.0104520 secs] 278638K->4602K(1014528K), 0.0105460 secs] [Times: user=0.04 sys=0.00, real=0.01 secs] 
